MPLINK 5.09, LINKER
Linker Map File - Created Mon Nov 18 17:31:01 2019

                                 Section Info
                  Section       Type    Address   Location Size(Bytes)
                ---------  ---------  ---------  ---------  ---------
                      Run       code   0x000000    program   0x00001c
                   .cinit    romdata   0x00001c    program   0x000002
                      LCD       code   0x00001e    program   0x00042e
                     Main       code   0x00044c    program   0x00018e
                   Keypad       code   0x0005da    program   0x000052
                    Music       code   0x00062c    program   0x000046
                 GameData       code   0x000672    program   0x00003a
.config_300000_BUILD/DEFAULT/PRODUCTION/CONFIG.    romdata   0x300000    program   0x000001
.config_300001_BUILD/DEFAULT/PRODUCTION/CONFIG.    romdata   0x300001    program   0x000001
.config_300002_BUILD/DEFAULT/PRODUCTION/CONFIG.    romdata   0x300002    program   0x000001
.config_300003_BUILD/DEFAULT/PRODUCTION/CONFIG.    romdata   0x300003    program   0x000001
.config_300004_BUILD/DEFAULT/PRODUCTION/CONFIG.    romdata   0x300004    program   0x000001
.config_300005_BUILD/DEFAULT/PRODUCTION/CONFIG.    romdata   0x300005    program   0x000001
.config_300006_BUILD/DEFAULT/PRODUCTION/CONFIG.    romdata   0x300006    program   0x000001
.config_300008_BUILD/DEFAULT/PRODUCTION/CONFIG.    romdata   0x300008    program   0x000001
.config_300009_BUILD/DEFAULT/PRODUCTION/CONFIG.    romdata   0x300009    program   0x000001
.config_30000A_BUILD/DEFAULT/PRODUCTION/CONFIG.    romdata   0x30000a    program   0x000001
.config_30000B_BUILD/DEFAULT/PRODUCTION/CONFIG.    romdata   0x30000b    program   0x000001
.config_30000C_BUILD/DEFAULT/PRODUCTION/CONFIG.    romdata   0x30000c    program   0x000001
.config_30000D_BUILD/DEFAULT/PRODUCTION/CONFIG.    romdata   0x30000d    program   0x000001
                 acs_main      udata   0x000000       data   0x000018
                  acs_ovr      udata   0x000018       data   0x00000b
                  acs_lcd      udata   0x000023       data   0x000003
               acs_keypad      udata   0x000026       data   0x000003



                              Program Memory Usage 
                               Start         End      
                           ---------   ---------      
                            0x000000    0x0006ab      
                            0x300000    0x300006      
                            0x300008    0x30000d      
            1721 out of 132120 program addresses used, program memory utilization is 1%



                              Symbols - Sorted by Name
                     Name    Address   Location    Storage File                     
                ---------  ---------  ---------  --------- ---------                
                 Box_test   0x000500    program     extern H:\Desktop\Microprocessor\MicroProject\Main.asm
              Clear_Layer   0x00005e    program     static H:\Desktop\Microprocessor\MicroProject\LCD.asm
             Decrement_dy   0x00057a    program     extern H:\Desktop\Microprocessor\MicroProject\Main.asm
                 Delay_ms   0x0005ae    program     extern H:\Desktop\Microprocessor\MicroProject\Main.asm
            Delay_ms_loop   0x0005b0    program     static H:\Desktop\Microprocessor\MicroProject\Main.asm
               Delay_x4us   0x0005bc    program     static H:\Desktop\Microprocessor\MicroProject\Main.asm
             Keypad_Setup   0x0005da    program     extern H:\Desktop\Microprocessor\MicroProject\Keypad.asm
            Keypad_getKey   0x0005e0    program     extern H:\Desktop\Microprocessor\MicroProject\Keypad.asm
            LCD_DisplayOn   0x000332    program     static H:\Desktop\Microprocessor\MicroProject\LCD.asm
                LCD_GPIOX   0x000340    program     static H:\Desktop\Microprocessor\MicroProject\LCD.asm
       LCD_Initialisation   0x000198    program     extern H:\Desktop\Microprocessor\MicroProject\LCD.asm
              LCD_PLLinit   0x00030a    program     static H:\Desktop\Microprocessor\MicroProject\LCD.asm
           LCD_PWM1config   0x00034e    program     static H:\Desktop\Microprocessor\MicroProject\LCD.asm
              LCD_PWM1out   0x00035c    program     static H:\Desktop\Microprocessor\MicroProject\LCD.asm
           LCD_RectHelper   0x0000be    program     extern H:\Desktop\Microprocessor\MicroProject\LCD.asm
              LCD_ScrollY   0x00008c    program     static H:\Desktop\Microprocessor\MicroProject\LCD.asm
      LCD_SetScrollWindow   0x00036a    program     static H:\Desktop\Microprocessor\MicroProject\LCD.asm
            LCD_TwoLayers   0x0003d8    program     static H:\Desktop\Microprocessor\MicroProject\LCD.asm
                    LYEN1   0x0003f2    program     static H:\Desktop\Microprocessor\MicroProject\LCD.asm
                    LYEN2   0x0003fe    program     static H:\Desktop\Microprocessor\MicroProject\LCD.asm
                     Main   0x000014    program     static H:\Desktop\Microprocessor\MicroProject\Run.asm
          Main_Initialise   0x00045c    program     extern H:\Desktop\Microprocessor\MicroProject\Main.asm
     Main_Initialise_loop   0x000468    program     static H:\Desktop\Microprocessor\MicroProject\Main.asm
           Music_Avengers   0x00062c    program     extern H:\Desktop\Microprocessor\MicroProject\Music.asm
              Music_Setup   0x000646    program     extern H:\Desktop\Microprocessor\MicroProject\Music.asm
                  New_box   0x000476    program     extern H:\Desktop\Microprocessor\MicroProject\Main.asm
            Play_Avengers   0x000672    program     extern H:\Desktop\Microprocessor\MicroProject\GameData.asm
               Remove_box   0x0005a6    program     static H:\Desktop\Microprocessor\MicroProject\Main.asm
           SPI_MasterInit   0x00043a    program     static H:\Desktop\Microprocessor\MicroProject\LCD.asm
       SPI_MasterTransmit   0x000442    program     static H:\Desktop\Microprocessor\MicroProject\LCD.asm
             SPI_writeCMD   0x000416    program     static H:\Desktop\Microprocessor\MicroProject\LCD.asm
            SPI_writeDATA   0x000428    program     static H:\Desktop\Microprocessor\MicroProject\LCD.asm
             SPI_writeREG   0x00040c    program     static H:\Desktop\Microprocessor\MicroProject\LCD.asm
                   Scroll   0x00001e    program     extern H:\Desktop\Microprocessor\MicroProject\LCD.asm
                    Setup   0x000000    program     static H:\Desktop\Microprocessor\MicroProject\Run.asm
       UART_Transmit_Byte   0x00066a    program     static H:\Desktop\Microprocessor\MicroProject\Music.asm
            Wait_Transmit   0x000444    program     static H:\Desktop\Microprocessor\MicroProject\LCD.asm
                _Run_0018   0x000018    program     static H:\Desktop\Microprocessor\MicroProject\Run.asm
       box_test_add_score   0x000554    program     static H:\Desktop\Microprocessor\MicroProject\Main.asm
            box_test_good   0x00056e    program     static H:\Desktop\Microprocessor\MicroProject\Main.asm
           box_test_great   0x000572    program     static H:\Desktop\Microprocessor\MicroProject\Main.asm
            box_test_loop   0x000504    program     static H:\Desktop\Microprocessor\MicroProject\Main.asm
        box_test_next_box   0x000562    program     static H:\Desktop\Microprocessor\MicroProject\Main.asm
         box_test_perfect   0x000576    program     static H:\Desktop\Microprocessor\MicroProject\Main.asm
                      cly   0x00004c    program     static H:\Desktop\Microprocessor\MicroProject\LCD.asm
                converter   0x00044c    program     static H:\Desktop\Microprocessor\MicroProject\Main.asm
        decrement_dy_loop   0x00057e    program     static H:\Desktop\Microprocessor\MicroProject\Main.asm
    decrement_dy_negative   0x0005a0    program     static H:\Desktop\Microprocessor\MicroProject\Main.asm
    decrement_dy_next_box   0x000594    program     static H:\Desktop\Microprocessor\MicroProject\Main.asm
                    delay   0x0005d0    program     static H:\Desktop\Microprocessor\MicroProject\Main.asm
               delay_loop   0x0005d2    program     static H:\Desktop\Microprocessor\MicroProject\Main.asm
                      ly1   0x000058    program     static H:\Desktop\Microprocessor\MicroProject\LCD.asm
             new_box_loop   0x00047c    program     static H:\Desktop\Microprocessor\MicroProject\Main.asm
         new_box_next_box   0x0004f0    program     static H:\Desktop\Microprocessor\MicroProject\Main.asm
       new_box_set_colour   0x0004ac    program     static H:\Desktop\Microprocessor\MicroProject\Main.asm
          new_box_set_red   0x0004fc    program     static H:\Desktop\Microprocessor\MicroProject\Main.asm
                     scrl   0x000026    program     static H:\Desktop\Microprocessor\MicroProject\LCD.asm
                    scrl1   0x0000b2    program     static H:\Desktop\Microprocessor\MicroProject\LCD.asm
                    scrl2   0x0000b8    program     static H:\Desktop\Microprocessor\MicroProject\LCD.asm
                    Boxes   0x000000       data     static H:\Desktop\Microprocessor\MicroProject\Main.asm
                Boxes_end   0x000014       data     static H:\Desktop\Microprocessor\MicroProject\Main.asm
                  Control   0x000025       data     static H:\Desktop\Microprocessor\MicroProject\LCD.asm
             Delay_ms_cnt   0x000018       data     static H:\Desktop\Microprocessor\MicroProject\Main.asm
         Delay_x4us_cnt_h   0x000019       data     static H:\Desktop\Microprocessor\MicroProject\Main.asm
         Delay_x4us_cnt_l   0x00001a       data     static H:\Desktop\Microprocessor\MicroProject\Main.asm
            Keypad_output   0x000026       data     extern H:\Desktop\Microprocessor\MicroProject\Keypad.asm
               Scroll_d_h   0x000024       data     extern H:\Desktop\Microprocessor\MicroProject\LCD.asm
               Scroll_d_l   0x000023       data     extern H:\Desktop\Microprocessor\MicroProject\LCD.asm
            Total_score_1   0x000015       data     static H:\Desktop\Microprocessor\MicroProject\Main.asm
            Total_score_2   0x000016       data     static H:\Desktop\Microprocessor\MicroProject\Main.asm
            Total_score_3   0x000017       data     static H:\Desktop\Microprocessor\MicroProject\Main.asm
              current_Box   0x000019       data     static H:\Desktop\Microprocessor\MicroProject\Main.asm
                input_cmd   0x000018       data     static H:\Desktop\Microprocessor\MicroProject\LCD.asm
                input_cmd   0x000027       data     extern H:\Desktop\Microprocessor\MicroProject\Keypad.asm
               input_data   0x000019       data     static H:\Desktop\Microprocessor\MicroProject\LCD.asm
               input_data   0x000028       data     extern H:\Desktop\Microprocessor\MicroProject\Keypad.asm
              rect_colour   0x000022       data     extern H:\Desktop\Microprocessor\MicroProject\LCD.asm
                rect_x1_h   0x00001a       data     extern H:\Desktop\Microprocessor\MicroProject\LCD.asm
                rect_x1_l   0x00001e       data     extern H:\Desktop\Microprocessor\MicroProject\LCD.asm
                rect_x2_h   0x00001c       data     extern H:\Desktop\Microprocessor\MicroProject\LCD.asm
                rect_x2_l   0x000020       data     extern H:\Desktop\Microprocessor\MicroProject\LCD.asm
                rect_y1_h   0x00001b       data     extern H:\Desktop\Microprocessor\MicroProject\LCD.asm
                rect_y1_l   0x00001f       data     extern H:\Desktop\Microprocessor\MicroProject\LCD.asm
                rect_y2_h   0x00001d       data     extern H:\Desktop\Microprocessor\MicroProject\LCD.asm
                rect_y2_l   0x000021       data     extern H:\Desktop\Microprocessor\MicroProject\LCD.asm
                     tmp1   0x000018       data     static H:\Desktop\Microprocessor\MicroProject\Main.asm



                              Symbols - Sorted by Address
                     Name    Address   Location    Storage File                     
                ---------  ---------  ---------  --------- ---------                
                    Setup   0x000000    program     static H:\Desktop\Microprocessor\MicroProject\Run.asm
                     Main   0x000014    program     static H:\Desktop\Microprocessor\MicroProject\Run.asm
                _Run_0018   0x000018    program     static H:\Desktop\Microprocessor\MicroProject\Run.asm
                   Scroll   0x00001e    program     extern H:\Desktop\Microprocessor\MicroProject\LCD.asm
                     scrl   0x000026    program     static H:\Desktop\Microprocessor\MicroProject\LCD.asm
                      cly   0x00004c    program     static H:\Desktop\Microprocessor\MicroProject\LCD.asm
                      ly1   0x000058    program     static H:\Desktop\Microprocessor\MicroProject\LCD.asm
              Clear_Layer   0x00005e    program     static H:\Desktop\Microprocessor\MicroProject\LCD.asm
              LCD_ScrollY   0x00008c    program     static H:\Desktop\Microprocessor\MicroProject\LCD.asm
                    scrl1   0x0000b2    program     static H:\Desktop\Microprocessor\MicroProject\LCD.asm
                    scrl2   0x0000b8    program     static H:\Desktop\Microprocessor\MicroProject\LCD.asm
           LCD_RectHelper   0x0000be    program     extern H:\Desktop\Microprocessor\MicroProject\LCD.asm
       LCD_Initialisation   0x000198    program     extern H:\Desktop\Microprocessor\MicroProject\LCD.asm
              LCD_PLLinit   0x00030a    program     static H:\Desktop\Microprocessor\MicroProject\LCD.asm
            LCD_DisplayOn   0x000332    program     static H:\Desktop\Microprocessor\MicroProject\LCD.asm
                LCD_GPIOX   0x000340    program     static H:\Desktop\Microprocessor\MicroProject\LCD.asm
           LCD_PWM1config   0x00034e    program     static H:\Desktop\Microprocessor\MicroProject\LCD.asm
              LCD_PWM1out   0x00035c    program     static H:\Desktop\Microprocessor\MicroProject\LCD.asm
      LCD_SetScrollWindow   0x00036a    program     static H:\Desktop\Microprocessor\MicroProject\LCD.asm
            LCD_TwoLayers   0x0003d8    program     static H:\Desktop\Microprocessor\MicroProject\LCD.asm
                    LYEN1   0x0003f2    program     static H:\Desktop\Microprocessor\MicroProject\LCD.asm
                    LYEN2   0x0003fe    program     static H:\Desktop\Microprocessor\MicroProject\LCD.asm
             SPI_writeREG   0x00040c    program     static H:\Desktop\Microprocessor\MicroProject\LCD.asm
             SPI_writeCMD   0x000416    program     static H:\Desktop\Microprocessor\MicroProject\LCD.asm
            SPI_writeDATA   0x000428    program     static H:\Desktop\Microprocessor\MicroProject\LCD.asm
           SPI_MasterInit   0x00043a    program     static H:\Desktop\Microprocessor\MicroProject\LCD.asm
       SPI_MasterTransmit   0x000442    program     static H:\Desktop\Microprocessor\MicroProject\LCD.asm
            Wait_Transmit   0x000444    program     static H:\Desktop\Microprocessor\MicroProject\LCD.asm
                converter   0x00044c    program     static H:\Desktop\Microprocessor\MicroProject\Main.asm
          Main_Initialise   0x00045c    program     extern H:\Desktop\Microprocessor\MicroProject\Main.asm
     Main_Initialise_loop   0x000468    program     static H:\Desktop\Microprocessor\MicroProject\Main.asm
                  New_box   0x000476    program     extern H:\Desktop\Microprocessor\MicroProject\Main.asm
             new_box_loop   0x00047c    program     static H:\Desktop\Microprocessor\MicroProject\Main.asm
       new_box_set_colour   0x0004ac    program     static H:\Desktop\Microprocessor\MicroProject\Main.asm
         new_box_next_box   0x0004f0    program     static H:\Desktop\Microprocessor\MicroProject\Main.asm
          new_box_set_red   0x0004fc    program     static H:\Desktop\Microprocessor\MicroProject\Main.asm
                 Box_test   0x000500    program     extern H:\Desktop\Microprocessor\MicroProject\Main.asm
            box_test_loop   0x000504    program     static H:\Desktop\Microprocessor\MicroProject\Main.asm
       box_test_add_score   0x000554    program     static H:\Desktop\Microprocessor\MicroProject\Main.asm
        box_test_next_box   0x000562    program     static H:\Desktop\Microprocessor\MicroProject\Main.asm
            box_test_good   0x00056e    program     static H:\Desktop\Microprocessor\MicroProject\Main.asm
           box_test_great   0x000572    program     static H:\Desktop\Microprocessor\MicroProject\Main.asm
         box_test_perfect   0x000576    program     static H:\Desktop\Microprocessor\MicroProject\Main.asm
             Decrement_dy   0x00057a    program     extern H:\Desktop\Microprocessor\MicroProject\Main.asm
        decrement_dy_loop   0x00057e    program     static H:\Desktop\Microprocessor\MicroProject\Main.asm
    decrement_dy_next_box   0x000594    program     static H:\Desktop\Microprocessor\MicroProject\Main.asm
    decrement_dy_negative   0x0005a0    program     static H:\Desktop\Microprocessor\MicroProject\Main.asm
               Remove_box   0x0005a6    program     static H:\Desktop\Microprocessor\MicroProject\Main.asm
                 Delay_ms   0x0005ae    program     extern H:\Desktop\Microprocessor\MicroProject\Main.asm
            Delay_ms_loop   0x0005b0    program     static H:\Desktop\Microprocessor\MicroProject\Main.asm
               Delay_x4us   0x0005bc    program     static H:\Desktop\Microprocessor\MicroProject\Main.asm
                    delay   0x0005d0    program     static H:\Desktop\Microprocessor\MicroProject\Main.asm
               delay_loop   0x0005d2    program     static H:\Desktop\Microprocessor\MicroProject\Main.asm
             Keypad_Setup   0x0005da    program     extern H:\Desktop\Microprocessor\MicroProject\Keypad.asm
            Keypad_getKey   0x0005e0    program     extern H:\Desktop\Microprocessor\MicroProject\Keypad.asm
           Music_Avengers   0x00062c    program     extern H:\Desktop\Microprocessor\MicroProject\Music.asm
              Music_Setup   0x000646    program     extern H:\Desktop\Microprocessor\MicroProject\Music.asm
       UART_Transmit_Byte   0x00066a    program     static H:\Desktop\Microprocessor\MicroProject\Music.asm
            Play_Avengers   0x000672    program     extern H:\Desktop\Microprocessor\MicroProject\GameData.asm
                    Boxes   0x000000       data     static H:\Desktop\Microprocessor\MicroProject\Main.asm
                Boxes_end   0x000014       data     static H:\Desktop\Microprocessor\MicroProject\Main.asm
            Total_score_1   0x000015       data     static H:\Desktop\Microprocessor\MicroProject\Main.asm
            Total_score_2   0x000016       data     static H:\Desktop\Microprocessor\MicroProject\Main.asm
            Total_score_3   0x000017       data     static H:\Desktop\Microprocessor\MicroProject\Main.asm
                     tmp1   0x000018       data     static H:\Desktop\Microprocessor\MicroProject\Main.asm
                input_cmd   0x000018       data     static H:\Desktop\Microprocessor\MicroProject\LCD.asm
             Delay_ms_cnt   0x000018       data     static H:\Desktop\Microprocessor\MicroProject\Main.asm
         Delay_x4us_cnt_h   0x000019       data     static H:\Desktop\Microprocessor\MicroProject\Main.asm
              current_Box   0x000019       data     static H:\Desktop\Microprocessor\MicroProject\Main.asm
               input_data   0x000019       data     static H:\Desktop\Microprocessor\MicroProject\LCD.asm
         Delay_x4us_cnt_l   0x00001a       data     static H:\Desktop\Microprocessor\MicroProject\Main.asm
                rect_x1_h   0x00001a       data     extern H:\Desktop\Microprocessor\MicroProject\LCD.asm
                rect_y1_h   0x00001b       data     extern H:\Desktop\Microprocessor\MicroProject\LCD.asm
                rect_x2_h   0x00001c       data     extern H:\Desktop\Microprocessor\MicroProject\LCD.asm
                rect_y2_h   0x00001d       data     extern H:\Desktop\Microprocessor\MicroProject\LCD.asm
                rect_x1_l   0x00001e       data     extern H:\Desktop\Microprocessor\MicroProject\LCD.asm
                rect_y1_l   0x00001f       data     extern H:\Desktop\Microprocessor\MicroProject\LCD.asm
                rect_x2_l   0x000020       data     extern H:\Desktop\Microprocessor\MicroProject\LCD.asm
                rect_y2_l   0x000021       data     extern H:\Desktop\Microprocessor\MicroProject\LCD.asm
              rect_colour   0x000022       data     extern H:\Desktop\Microprocessor\MicroProject\LCD.asm
               Scroll_d_l   0x000023       data     extern H:\Desktop\Microprocessor\MicroProject\LCD.asm
               Scroll_d_h   0x000024       data     extern H:\Desktop\Microprocessor\MicroProject\LCD.asm
                  Control   0x000025       data     static H:\Desktop\Microprocessor\MicroProject\LCD.asm
            Keypad_output   0x000026       data     extern H:\Desktop\Microprocessor\MicroProject\Keypad.asm
                input_cmd   0x000027       data     extern H:\Desktop\Microprocessor\MicroProject\Keypad.asm
               input_data   0x000028       data     extern H:\Desktop\Microprocessor\MicroProject\Keypad.asm


