MPLINK 5.09, LINKER
Linker Map File - Created Thu Nov 21 15:43:44 2019

                                 Section Info
                  Section       Type    Address   Location Size(Bytes)
                ---------  ---------  ---------  ---------  ---------
                      Run       code   0x000000    program   0x00001c
                   .cinit    romdata   0x00001c    program   0x000002
                 GameData       code   0x00001e    program   0x000c8e
                      LCD       code   0x000cac    program   0x00068a
                     Main       code   0x001336    program   0x0001f4
                    Music       code   0x00152a    program   0x000046
                   Keypad       code   0x001570    program   0x00002e
.config_300000_BUILD/DEFAULT/PRODUCTION/CONFIG.    romdata   0x300000    program   0x000001
.config_300001_BUILD/DEFAULT/PRODUCTION/CONFIG.    romdata   0x300001    program   0x000001
.config_300002_BUILD/DEFAULT/PRODUCTION/CONFIG.    romdata   0x300002    program   0x000001
.config_300003_BUILD/DEFAULT/PRODUCTION/CONFIG.    romdata   0x300003    program   0x000001
.config_300004_BUILD/DEFAULT/PRODUCTION/CONFIG.    romdata   0x300004    program   0x000001
.config_300005_BUILD/DEFAULT/PRODUCTION/CONFIG.    romdata   0x300005    program   0x000001
.config_300006_BUILD/DEFAULT/PRODUCTION/CONFIG.    romdata   0x300006    program   0x000001
.config_300008_BUILD/DEFAULT/PRODUCTION/CONFIG.    romdata   0x300008    program   0x000001
.config_300009_BUILD/DEFAULT/PRODUCTION/CONFIG.    romdata   0x300009    program   0x000001
.config_30000A_BUILD/DEFAULT/PRODUCTION/CONFIG.    romdata   0x30000a    program   0x000001
.config_30000B_BUILD/DEFAULT/PRODUCTION/CONFIG.    romdata   0x30000b    program   0x000001
.config_30000C_BUILD/DEFAULT/PRODUCTION/CONFIG.    romdata   0x30000c    program   0x000001
.config_30000D_BUILD/DEFAULT/PRODUCTION/CONFIG.    romdata   0x30000d    program   0x000001
                 acs_main      udata   0x000000       data   0x000046
                  acs_ovr      udata   0x000046       data   0x000014
                  acs_lcd      udata   0x00005a       data   0x000004
                     acs0      udata   0x00005e       data   0x000001



                              Program Memory Usage 
                               Start         End      
                           ---------   ---------      
                            0x000000    0x00159d      
                            0x300000    0x300006      
                            0x300008    0x30000d      
            5547 out of 132120 program addresses used, program memory utilization is 4%



                              Symbols - Sorted by Name
                     Name    Address   Location    Storage File                     
                ---------  ---------  ---------  --------- ---------                
                 Box_test   0x0013f2    program     extern H:\Desktop\Microprocessor\MicroProject\Main.asm
              Clear_Layer   0x000d7c    program     static H:\Desktop\Microprocessor\MicroProject\LCD.asm
             Decrement_dy   0x0014d2    program     extern H:\Desktop\Microprocessor\MicroProject\Main.asm
                 Delay_ms   0x0014fe    program     extern H:\Desktop\Microprocessor\MicroProject\Main.asm
            Delay_ms_loop   0x001500    program     static H:\Desktop\Microprocessor\MicroProject\Main.asm
               Delay_x4us   0x00150c    program     extern H:\Desktop\Microprocessor\MicroProject\Main.asm
               Flash_goal   0x000ce8    program     static H:\Desktop\Microprocessor\MicroProject\LCD.asm
       Goal_Triangle_draw   0x00130a    program     static H:\Desktop\Microprocessor\MicroProject\LCD.asm
               Goal_flash   0x000d1e    program     static H:\Desktop\Microprocessor\MicroProject\LCD.asm
             Keypad_Setup   0x001570    program     extern H:\Desktop\Microprocessor\MicroProject\Keypad.asm
            Keypad_getKey   0x001576    program     extern H:\Desktop\Microprocessor\MicroProject\Keypad.asm
            LCD_DisplayOn   0x001110    program     static H:\Desktop\Microprocessor\MicroProject\LCD.asm
                LCD_GPIOX   0x00111e    program     static H:\Desktop\Microprocessor\MicroProject\LCD.asm
       LCD_Initialisation   0x000daa    program     extern H:\Desktop\Microprocessor\MicroProject\LCD.asm
              LCD_PLLinit   0x0010e8    program     static H:\Desktop\Microprocessor\MicroProject\LCD.asm
           LCD_PWM1config   0x00112c    program     static H:\Desktop\Microprocessor\MicroProject\LCD.asm
              LCD_PWM1out   0x00113a    program     static H:\Desktop\Microprocessor\MicroProject\LCD.asm
           LCD_RectHelper   0x00100e    program     extern H:\Desktop\Microprocessor\MicroProject\LCD.asm
              LCD_ScrollY   0x000d46    program     static H:\Desktop\Microprocessor\MicroProject\LCD.asm
     LCD_ScrollY_layer2_h   0x000d74    program     static H:\Desktop\Microprocessor\MicroProject\LCD.asm
     LCD_ScrollY_layer2_l   0x000d6c    program     static H:\Desktop\Microprocessor\MicroProject\LCD.asm
      LCD_SetScrollWindow   0x001148    program     static H:\Desktop\Microprocessor\MicroProject\LCD.asm
           LCD_TextHelper   0x001002    program     static H:\Desktop\Microprocessor\MicroProject\LCD.asm
            LCD_TriHelper   0x00122c    program     static H:\Desktop\Microprocessor\MicroProject\LCD.asm
            LCD_TwoLayers   0x0011b6    program     static H:\Desktop\Microprocessor\MicroProject\LCD.asm
                    LYEN1   0x0011d0    program     static H:\Desktop\Microprocessor\MicroProject\LCD.asm
                    LYEN2   0x0011de    program     static H:\Desktop\Microprocessor\MicroProject\LCD.asm
                     Main   0x000014    program     static H:\Desktop\Microprocessor\MicroProject\Run.asm
          Main_Initialise   0x001346    program     extern H:\Desktop\Microprocessor\MicroProject\Main.asm
     Main_Initialise_loop   0x001356    program     static H:\Desktop\Microprocessor\MicroProject\Main.asm
           Music_Avengers   0x00152a    program     extern H:\Desktop\Microprocessor\MicroProject\Music.asm
              Music_Setup   0x001544    program     extern H:\Desktop\Microprocessor\MicroProject\Music.asm
                  New_box   0x001364    program     extern H:\Desktop\Microprocessor\MicroProject\Main.asm
            Play_Avengers   0x00001e    program     extern H:\Desktop\Microprocessor\MicroProject\GameData.asm
               Remove_box   0x0014f6    program     static H:\Desktop\Microprocessor\MicroProject\Main.asm
           SPI_MasterInit   0x00121a    program     static H:\Desktop\Microprocessor\MicroProject\LCD.asm
       SPI_MasterTransmit   0x001222    program     static H:\Desktop\Microprocessor\MicroProject\LCD.asm
             SPI_writeCMD   0x0011f6    program     static H:\Desktop\Microprocessor\MicroProject\LCD.asm
            SPI_writeDATA   0x001208    program     static H:\Desktop\Microprocessor\MicroProject\LCD.asm
             SPI_writeREG   0x0011ec    program     static H:\Desktop\Microprocessor\MicroProject\LCD.asm
                   Scroll   0x000cac    program     extern H:\Desktop\Microprocessor\MicroProject\LCD.asm
               Set_cursor   0x000fcc    program     static H:\Desktop\Microprocessor\MicroProject\LCD.asm
          Set_text_update   0x000cf0    program     extern H:\Desktop\Microprocessor\MicroProject\LCD.asm
                    Setup   0x000000    program     static H:\Desktop\Microprocessor\MicroProject\Run.asm
               Setup_goal   0x0012f4    program     static H:\Desktop\Microprocessor\MicroProject\LCD.asm
          Setup_goal_loop   0x0012fe    program     static H:\Desktop\Microprocessor\MicroProject\LCD.asm
              Setup_score   0x000f1c    program     static H:\Desktop\Microprocessor\MicroProject\LCD.asm
       UART_Transmit_Byte   0x001568    program     static H:\Desktop\Microprocessor\MicroProject\Music.asm
             Update_score   0x000d30    program     extern H:\Desktop\Microprocessor\MicroProject\LCD.asm
            Wait_Transmit   0x001224    program     static H:\Desktop\Microprocessor\MicroProject\LCD.asm
                _Run_0018   0x000018    program     static H:\Desktop\Microprocessor\MicroProject\Run.asm
       box_test_add_score   0x00144c    program     static H:\Desktop\Microprocessor\MicroProject\Main.asm
            box_test_good   0x0014c6    program     static H:\Desktop\Microprocessor\MicroProject\Main.asm
           box_test_great   0x0014ca    program     static H:\Desktop\Microprocessor\MicroProject\Main.asm
            box_test_loop   0x0013f6    program     static H:\Desktop\Microprocessor\MicroProject\Main.asm
        box_test_next_box   0x0014ba    program     static H:\Desktop\Microprocessor\MicroProject\Main.asm
         box_test_perfect   0x0014ce    program     static H:\Desktop\Microprocessor\MicroProject\Main.asm
                      cly   0x000ce2    program     static H:\Desktop\Microprocessor\MicroProject\LCD.asm
                converter   0x001336    program     static H:\Desktop\Microprocessor\MicroProject\Main.asm
 decrement_dy_higher_byte   0x0014ec    program     static H:\Desktop\Microprocessor\MicroProject\Main.asm
        decrement_dy_loop   0x0014d6    program     static H:\Desktop\Microprocessor\MicroProject\Main.asm
    decrement_dy_next_box   0x0014e0    program     static H:\Desktop\Microprocessor\MicroProject\Main.asm
                    delay   0x001520    program     static H:\Desktop\Microprocessor\MicroProject\Main.asm
               delay_loop   0x001522    program     static H:\Desktop\Microprocessor\MicroProject\Main.asm
                     here   0x001438    program     static H:\Desktop\Microprocessor\MicroProject\Main.asm
                      ly1   0x000d40    program     static H:\Desktop\Microprocessor\MicroProject\LCD.asm
             new_box_loop   0x00136a    program     static H:\Desktop\Microprocessor\MicroProject\Main.asm
         new_box_next_box   0x0013e2    program     static H:\Desktop\Microprocessor\MicroProject\Main.asm
       new_box_set_colour   0x00139a    program     static H:\Desktop\Microprocessor\MicroProject\Main.asm
          new_box_set_red   0x0013ee    program     static H:\Desktop\Microprocessor\MicroProject\Main.asm
                     scrl   0x000cb4    program     static H:\Desktop\Microprocessor\MicroProject\LCD.asm
                    scrl2   0x000cc4    program     static H:\Desktop\Microprocessor\MicroProject\LCD.asm
                    Boxes   0x000000       data     static H:\Desktop\Microprocessor\MicroProject\Main.asm
                Boxes_end   0x000040       data     static H:\Desktop\Microprocessor\MicroProject\Main.asm
                  Control   0x00005d       data     static H:\Desktop\Microprocessor\MicroProject\LCD.asm
             Delay_ms_cnt   0x000046       data     static H:\Desktop\Microprocessor\MicroProject\Main.asm
         Delay_x4us_cnt_h   0x000047       data     static H:\Desktop\Microprocessor\MicroProject\Main.asm
         Delay_x4us_cnt_l   0x000048       data     static H:\Desktop\Microprocessor\MicroProject\Main.asm
            Flash_counter   0x00005c       data     static H:\Desktop\Microprocessor\MicroProject\LCD.asm
            Keypad_output   0x00005e       data     static H:\Desktop\Microprocessor\MicroProject\Keypad.asm
               Scroll_d_h   0x00005b       data     extern H:\Desktop\Microprocessor\MicroProject\LCD.asm
               Scroll_d_l   0x00005a       data     extern H:\Desktop\Microprocessor\MicroProject\LCD.asm
              Text_offset   0x000052       data     extern H:\Desktop\Microprocessor\MicroProject\LCD.asm
            Total_score_1   0x000041       data     static H:\Desktop\Microprocessor\MicroProject\Main.asm
            Total_score_2   0x000042       data     static H:\Desktop\Microprocessor\MicroProject\Main.asm
            Total_score_3   0x000043       data     static H:\Desktop\Microprocessor\MicroProject\Main.asm
              current_Box   0x000046       data     static H:\Desktop\Microprocessor\MicroProject\Main.asm
                input_cmd   0x000046       data     static H:\Desktop\Microprocessor\MicroProject\LCD.asm
               input_data   0x000047       data     static H:\Desktop\Microprocessor\MicroProject\LCD.asm
                      key   0x000047       data     static H:\Desktop\Microprocessor\MicroProject\Main.asm
              rect_colour   0x000050       data     extern H:\Desktop\Microprocessor\MicroProject\LCD.asm
                rect_x1_h   0x000048       data     extern H:\Desktop\Microprocessor\MicroProject\LCD.asm
                rect_x1_l   0x00004c       data     extern H:\Desktop\Microprocessor\MicroProject\LCD.asm
                rect_x2_h   0x00004a       data     extern H:\Desktop\Microprocessor\MicroProject\LCD.asm
                rect_x2_l   0x00004e       data     extern H:\Desktop\Microprocessor\MicroProject\LCD.asm
                rect_y1_h   0x000049       data     extern H:\Desktop\Microprocessor\MicroProject\LCD.asm
                rect_y1_l   0x00004d       data     extern H:\Desktop\Microprocessor\MicroProject\LCD.asm
                rect_y2_h   0x00004b       data     extern H:\Desktop\Microprocessor\MicroProject\LCD.asm
                rect_y2_l   0x00004f       data     extern H:\Desktop\Microprocessor\MicroProject\LCD.asm
                     tmp1   0x000051       data     static H:\Desktop\Microprocessor\MicroProject\LCD.asm
                     tmp1   0x000044       data     static H:\Desktop\Microprocessor\MicroProject\Main.asm
                     tmp2   0x000045       data     static H:\Desktop\Microprocessor\MicroProject\Main.asm
               tri_colour   0x000059       data     static H:\Desktop\Microprocessor\MicroProject\LCD.asm
                 tri_x1_h   0x000054       data     static H:\Desktop\Microprocessor\MicroProject\LCD.asm
                 tri_x1_l   0x000053       data     static H:\Desktop\Microprocessor\MicroProject\LCD.asm
                 tri_x2_h   0x000056       data     static H:\Desktop\Microprocessor\MicroProject\LCD.asm
                 tri_x2_l   0x000055       data     static H:\Desktop\Microprocessor\MicroProject\LCD.asm
                 tri_x3_h   0x000058       data     static H:\Desktop\Microprocessor\MicroProject\LCD.asm
                 tri_x3_l   0x000057       data     static H:\Desktop\Microprocessor\MicroProject\LCD.asm



                              Symbols - Sorted by Address
                     Name    Address   Location    Storage File                     
                ---------  ---------  ---------  --------- ---------                
                    Setup   0x000000    program     static H:\Desktop\Microprocessor\MicroProject\Run.asm
                     Main   0x000014    program     static H:\Desktop\Microprocessor\MicroProject\Run.asm
                _Run_0018   0x000018    program     static H:\Desktop\Microprocessor\MicroProject\Run.asm
            Play_Avengers   0x00001e    program     extern H:\Desktop\Microprocessor\MicroProject\GameData.asm
                   Scroll   0x000cac    program     extern H:\Desktop\Microprocessor\MicroProject\LCD.asm
                     scrl   0x000cb4    program     static H:\Desktop\Microprocessor\MicroProject\LCD.asm
                    scrl2   0x000cc4    program     static H:\Desktop\Microprocessor\MicroProject\LCD.asm
                      cly   0x000ce2    program     static H:\Desktop\Microprocessor\MicroProject\LCD.asm
               Flash_goal   0x000ce8    program     static H:\Desktop\Microprocessor\MicroProject\LCD.asm
          Set_text_update   0x000cf0    program     extern H:\Desktop\Microprocessor\MicroProject\LCD.asm
               Goal_flash   0x000d1e    program     static H:\Desktop\Microprocessor\MicroProject\LCD.asm
             Update_score   0x000d30    program     extern H:\Desktop\Microprocessor\MicroProject\LCD.asm
                      ly1   0x000d40    program     static H:\Desktop\Microprocessor\MicroProject\LCD.asm
              LCD_ScrollY   0x000d46    program     static H:\Desktop\Microprocessor\MicroProject\LCD.asm
     LCD_ScrollY_layer2_l   0x000d6c    program     static H:\Desktop\Microprocessor\MicroProject\LCD.asm
     LCD_ScrollY_layer2_h   0x000d74    program     static H:\Desktop\Microprocessor\MicroProject\LCD.asm
              Clear_Layer   0x000d7c    program     static H:\Desktop\Microprocessor\MicroProject\LCD.asm
       LCD_Initialisation   0x000daa    program     extern H:\Desktop\Microprocessor\MicroProject\LCD.asm
              Setup_score   0x000f1c    program     static H:\Desktop\Microprocessor\MicroProject\LCD.asm
               Set_cursor   0x000fcc    program     static H:\Desktop\Microprocessor\MicroProject\LCD.asm
           LCD_TextHelper   0x001002    program     static H:\Desktop\Microprocessor\MicroProject\LCD.asm
           LCD_RectHelper   0x00100e    program     extern H:\Desktop\Microprocessor\MicroProject\LCD.asm
              LCD_PLLinit   0x0010e8    program     static H:\Desktop\Microprocessor\MicroProject\LCD.asm
            LCD_DisplayOn   0x001110    program     static H:\Desktop\Microprocessor\MicroProject\LCD.asm
                LCD_GPIOX   0x00111e    program     static H:\Desktop\Microprocessor\MicroProject\LCD.asm
           LCD_PWM1config   0x00112c    program     static H:\Desktop\Microprocessor\MicroProject\LCD.asm
              LCD_PWM1out   0x00113a    program     static H:\Desktop\Microprocessor\MicroProject\LCD.asm
      LCD_SetScrollWindow   0x001148    program     static H:\Desktop\Microprocessor\MicroProject\LCD.asm
            LCD_TwoLayers   0x0011b6    program     static H:\Desktop\Microprocessor\MicroProject\LCD.asm
                    LYEN1   0x0011d0    program     static H:\Desktop\Microprocessor\MicroProject\LCD.asm
                    LYEN2   0x0011de    program     static H:\Desktop\Microprocessor\MicroProject\LCD.asm
             SPI_writeREG   0x0011ec    program     static H:\Desktop\Microprocessor\MicroProject\LCD.asm
             SPI_writeCMD   0x0011f6    program     static H:\Desktop\Microprocessor\MicroProject\LCD.asm
            SPI_writeDATA   0x001208    program     static H:\Desktop\Microprocessor\MicroProject\LCD.asm
           SPI_MasterInit   0x00121a    program     static H:\Desktop\Microprocessor\MicroProject\LCD.asm
       SPI_MasterTransmit   0x001222    program     static H:\Desktop\Microprocessor\MicroProject\LCD.asm
            Wait_Transmit   0x001224    program     static H:\Desktop\Microprocessor\MicroProject\LCD.asm
            LCD_TriHelper   0x00122c    program     static H:\Desktop\Microprocessor\MicroProject\LCD.asm
               Setup_goal   0x0012f4    program     static H:\Desktop\Microprocessor\MicroProject\LCD.asm
          Setup_goal_loop   0x0012fe    program     static H:\Desktop\Microprocessor\MicroProject\LCD.asm
       Goal_Triangle_draw   0x00130a    program     static H:\Desktop\Microprocessor\MicroProject\LCD.asm
                converter   0x001336    program     static H:\Desktop\Microprocessor\MicroProject\Main.asm
          Main_Initialise   0x001346    program     extern H:\Desktop\Microprocessor\MicroProject\Main.asm
     Main_Initialise_loop   0x001356    program     static H:\Desktop\Microprocessor\MicroProject\Main.asm
                  New_box   0x001364    program     extern H:\Desktop\Microprocessor\MicroProject\Main.asm
             new_box_loop   0x00136a    program     static H:\Desktop\Microprocessor\MicroProject\Main.asm
       new_box_set_colour   0x00139a    program     static H:\Desktop\Microprocessor\MicroProject\Main.asm
         new_box_next_box   0x0013e2    program     static H:\Desktop\Microprocessor\MicroProject\Main.asm
          new_box_set_red   0x0013ee    program     static H:\Desktop\Microprocessor\MicroProject\Main.asm
                 Box_test   0x0013f2    program     extern H:\Desktop\Microprocessor\MicroProject\Main.asm
            box_test_loop   0x0013f6    program     static H:\Desktop\Microprocessor\MicroProject\Main.asm
                     here   0x001438    program     static H:\Desktop\Microprocessor\MicroProject\Main.asm
       box_test_add_score   0x00144c    program     static H:\Desktop\Microprocessor\MicroProject\Main.asm
        box_test_next_box   0x0014ba    program     static H:\Desktop\Microprocessor\MicroProject\Main.asm
            box_test_good   0x0014c6    program     static H:\Desktop\Microprocessor\MicroProject\Main.asm
           box_test_great   0x0014ca    program     static H:\Desktop\Microprocessor\MicroProject\Main.asm
         box_test_perfect   0x0014ce    program     static H:\Desktop\Microprocessor\MicroProject\Main.asm
             Decrement_dy   0x0014d2    program     extern H:\Desktop\Microprocessor\MicroProject\Main.asm
        decrement_dy_loop   0x0014d6    program     static H:\Desktop\Microprocessor\MicroProject\Main.asm
    decrement_dy_next_box   0x0014e0    program     static H:\Desktop\Microprocessor\MicroProject\Main.asm
 decrement_dy_higher_byte   0x0014ec    program     static H:\Desktop\Microprocessor\MicroProject\Main.asm
               Remove_box   0x0014f6    program     static H:\Desktop\Microprocessor\MicroProject\Main.asm
                 Delay_ms   0x0014fe    program     extern H:\Desktop\Microprocessor\MicroProject\Main.asm
            Delay_ms_loop   0x001500    program     static H:\Desktop\Microprocessor\MicroProject\Main.asm
               Delay_x4us   0x00150c    program     extern H:\Desktop\Microprocessor\MicroProject\Main.asm
                    delay   0x001520    program     static H:\Desktop\Microprocessor\MicroProject\Main.asm
               delay_loop   0x001522    program     static H:\Desktop\Microprocessor\MicroProject\Main.asm
           Music_Avengers   0x00152a    program     extern H:\Desktop\Microprocessor\MicroProject\Music.asm
              Music_Setup   0x001544    program     extern H:\Desktop\Microprocessor\MicroProject\Music.asm
       UART_Transmit_Byte   0x001568    program     static H:\Desktop\Microprocessor\MicroProject\Music.asm
             Keypad_Setup   0x001570    program     extern H:\Desktop\Microprocessor\MicroProject\Keypad.asm
            Keypad_getKey   0x001576    program     extern H:\Desktop\Microprocessor\MicroProject\Keypad.asm
                    Boxes   0x000000       data     static H:\Desktop\Microprocessor\MicroProject\Main.asm
                Boxes_end   0x000040       data     static H:\Desktop\Microprocessor\MicroProject\Main.asm
            Total_score_1   0x000041       data     static H:\Desktop\Microprocessor\MicroProject\Main.asm
            Total_score_2   0x000042       data     static H:\Desktop\Microprocessor\MicroProject\Main.asm
            Total_score_3   0x000043       data     static H:\Desktop\Microprocessor\MicroProject\Main.asm
                     tmp1   0x000044       data     static H:\Desktop\Microprocessor\MicroProject\Main.asm
                     tmp2   0x000045       data     static H:\Desktop\Microprocessor\MicroProject\Main.asm
                input_cmd   0x000046       data     static H:\Desktop\Microprocessor\MicroProject\LCD.asm
              current_Box   0x000046       data     static H:\Desktop\Microprocessor\MicroProject\Main.asm
             Delay_ms_cnt   0x000046       data     static H:\Desktop\Microprocessor\MicroProject\Main.asm
         Delay_x4us_cnt_h   0x000047       data     static H:\Desktop\Microprocessor\MicroProject\Main.asm
               input_data   0x000047       data     static H:\Desktop\Microprocessor\MicroProject\LCD.asm
                      key   0x000047       data     static H:\Desktop\Microprocessor\MicroProject\Main.asm
         Delay_x4us_cnt_l   0x000048       data     static H:\Desktop\Microprocessor\MicroProject\Main.asm
                rect_x1_h   0x000048       data     extern H:\Desktop\Microprocessor\MicroProject\LCD.asm
                rect_y1_h   0x000049       data     extern H:\Desktop\Microprocessor\MicroProject\LCD.asm
                rect_x2_h   0x00004a       data     extern H:\Desktop\Microprocessor\MicroProject\LCD.asm
                rect_y2_h   0x00004b       data     extern H:\Desktop\Microprocessor\MicroProject\LCD.asm
                rect_x1_l   0x00004c       data     extern H:\Desktop\Microprocessor\MicroProject\LCD.asm
                rect_y1_l   0x00004d       data     extern H:\Desktop\Microprocessor\MicroProject\LCD.asm
                rect_x2_l   0x00004e       data     extern H:\Desktop\Microprocessor\MicroProject\LCD.asm
                rect_y2_l   0x00004f       data     extern H:\Desktop\Microprocessor\MicroProject\LCD.asm
              rect_colour   0x000050       data     extern H:\Desktop\Microprocessor\MicroProject\LCD.asm
                     tmp1   0x000051       data     static H:\Desktop\Microprocessor\MicroProject\LCD.asm
              Text_offset   0x000052       data     extern H:\Desktop\Microprocessor\MicroProject\LCD.asm
                 tri_x1_l   0x000053       data     static H:\Desktop\Microprocessor\MicroProject\LCD.asm
                 tri_x1_h   0x000054       data     static H:\Desktop\Microprocessor\MicroProject\LCD.asm
                 tri_x2_l   0x000055       data     static H:\Desktop\Microprocessor\MicroProject\LCD.asm
                 tri_x2_h   0x000056       data     static H:\Desktop\Microprocessor\MicroProject\LCD.asm
                 tri_x3_l   0x000057       data     static H:\Desktop\Microprocessor\MicroProject\LCD.asm
                 tri_x3_h   0x000058       data     static H:\Desktop\Microprocessor\MicroProject\LCD.asm
               tri_colour   0x000059       data     static H:\Desktop\Microprocessor\MicroProject\LCD.asm
               Scroll_d_l   0x00005a       data     extern H:\Desktop\Microprocessor\MicroProject\LCD.asm
               Scroll_d_h   0x00005b       data     extern H:\Desktop\Microprocessor\MicroProject\LCD.asm
            Flash_counter   0x00005c       data     static H:\Desktop\Microprocessor\MicroProject\LCD.asm
                  Control   0x00005d       data     static H:\Desktop\Microprocessor\MicroProject\LCD.asm
            Keypad_output   0x00005e       data     static H:\Desktop\Microprocessor\MicroProject\Keypad.asm


