MPLINK 5.09, LINKER
Linker Map File - Created Mon Nov 18 10:55:09 2019

                                 Section Info
                  Section       Type    Address   Location Size(Bytes)
                ---------  ---------  ---------  ---------  ---------
                      Run       code   0x000000    program   0x000018
                   .cinit    romdata   0x000018    program   0x000002
                      LCD       code   0x00001a    program   0x000412
                     main       code   0x00042c    program   0x000170
                 GameData       code   0x00059c    program   0x0000d6
                   Keypad       code   0x000672    program   0x000052
                    Music       code   0x0006c4    program   0x000034
.config_300000_BUILD/DEFAULT/PRODUCTION/CONFIG.    romdata   0x300000    program   0x000001
.config_300001_BUILD/DEFAULT/PRODUCTION/CONFIG.    romdata   0x300001    program   0x000001
.config_300002_BUILD/DEFAULT/PRODUCTION/CONFIG.    romdata   0x300002    program   0x000001
.config_300003_BUILD/DEFAULT/PRODUCTION/CONFIG.    romdata   0x300003    program   0x000001
.config_300004_BUILD/DEFAULT/PRODUCTION/CONFIG.    romdata   0x300004    program   0x000001
.config_300005_BUILD/DEFAULT/PRODUCTION/CONFIG.    romdata   0x300005    program   0x000001
.config_300006_BUILD/DEFAULT/PRODUCTION/CONFIG.    romdata   0x300006    program   0x000001
.config_300008_BUILD/DEFAULT/PRODUCTION/CONFIG.    romdata   0x300008    program   0x000001
.config_300009_BUILD/DEFAULT/PRODUCTION/CONFIG.    romdata   0x300009    program   0x000001
.config_30000A_BUILD/DEFAULT/PRODUCTION/CONFIG.    romdata   0x30000a    program   0x000001
.config_30000B_BUILD/DEFAULT/PRODUCTION/CONFIG.    romdata   0x30000b    program   0x000001
.config_30000C_BUILD/DEFAULT/PRODUCTION/CONFIG.    romdata   0x30000c    program   0x000001
.config_30000D_BUILD/DEFAULT/PRODUCTION/CONFIG.    romdata   0x30000d    program   0x000001
                     acs0      udata   0x000000       data   0x000034
                     acs1      udata   0x000034       data   0x000004



                              Program Memory Usage 
                               Start         End      
                           ---------   ---------      
                            0x000000    0x0006f7      
                            0x300000    0x300006      
                            0x300008    0x30000d      
            1797 out of 132120 program addresses used, program memory utilization is 1%



                              Symbols - Sorted by Name
                     Name    Address   Location    Storage File                     
                ---------  ---------  ---------  --------- ---------                
                 Box_test   0x0004c2    program     extern H:\Desktop\Microprocessor\MicroProject\Main.asm
              Clear_Layer   0x000052    program     static H:\Desktop\Microprocessor\MicroProject\LCD.asm
             Decrement_dy   0x00053c    program     extern H:\Desktop\Microprocessor\MicroProject\Main.asm
                 Delay_ms   0x000570    program     extern H:\Desktop\Microprocessor\MicroProject\Main.asm
            Delay_ms_loop   0x000572    program     static H:\Desktop\Microprocessor\MicroProject\Main.asm
               Delay_x4us   0x00057e    program     static H:\Desktop\Microprocessor\MicroProject\Main.asm
             Keypad_Setup   0x000672    program     extern H:\Desktop\Microprocessor\MicroProject\Keypad.asm
            Keypad_getKey   0x000678    program     extern H:\Desktop\Microprocessor\MicroProject\Keypad.asm
            LCD_DisplayOn   0x00031a    program     static H:\Desktop\Microprocessor\MicroProject\LCD.asm
                LCD_GPIOX   0x000328    program     static H:\Desktop\Microprocessor\MicroProject\LCD.asm
       LCD_Initialisation   0x00018e    program     extern H:\Desktop\Microprocessor\MicroProject\LCD.asm
              LCD_PLLinit   0x0002f2    program     static H:\Desktop\Microprocessor\MicroProject\LCD.asm
           LCD_PWM1config   0x000336    program     static H:\Desktop\Microprocessor\MicroProject\LCD.asm
              LCD_PWM1out   0x000344    program     static H:\Desktop\Microprocessor\MicroProject\LCD.asm
           LCD_RectHelper   0x0000b6    program     extern H:\Desktop\Microprocessor\MicroProject\LCD.asm
              LCD_ScrollY   0x000080    program     static H:\Desktop\Microprocessor\MicroProject\LCD.asm
      LCD_SetScrollWindow   0x000352    program     static H:\Desktop\Microprocessor\MicroProject\LCD.asm
            LCD_TwoLayers   0x0003b8    program     static H:\Desktop\Microprocessor\MicroProject\LCD.asm
                    LYEN1   0x0003d2    program     static H:\Desktop\Microprocessor\MicroProject\LCD.asm
                    LYEN2   0x0003de    program     static H:\Desktop\Microprocessor\MicroProject\LCD.asm
                     Main   0x000010    program     static H:\Desktop\Microprocessor\MicroProject\Run.asm
           Music_Avengers   0x0006c4    program     extern H:\Desktop\Microprocessor\MicroProject\Music.asm
              Music_Setup   0x0006de    program     extern H:\Desktop\Microprocessor\MicroProject\Music.asm
                  New_box   0x00043c    program     extern H:\Desktop\Microprocessor\MicroProject\Main.asm
            Play_Avengers   0x00059c    program     extern H:\Desktop\Microprocessor\MicroProject\GameData.asm
               Remove_box   0x000568    program     static H:\Desktop\Microprocessor\MicroProject\Main.asm
           SPI_MasterInit   0x00041a    program     static H:\Desktop\Microprocessor\MicroProject\LCD.asm
       SPI_MasterTransmit   0x000422    program     static H:\Desktop\Microprocessor\MicroProject\LCD.asm
             SPI_writeCMD   0x0003f6    program     static H:\Desktop\Microprocessor\MicroProject\LCD.asm
            SPI_writeDATA   0x000408    program     static H:\Desktop\Microprocessor\MicroProject\LCD.asm
             SPI_writeREG   0x0003ec    program     static H:\Desktop\Microprocessor\MicroProject\LCD.asm
                   Scroll   0x00001a    program     extern H:\Desktop\Microprocessor\MicroProject\LCD.asm
                    Setup   0x000000    program     static H:\Desktop\Microprocessor\MicroProject\Run.asm
       UART_Transmit_Byte   0x0006f0    program     static H:\Desktop\Microprocessor\MicroProject\Music.asm
            Wait_Transmit   0x000424    program     static H:\Desktop\Microprocessor\MicroProject\LCD.asm
                _Run_0014   0x000014    program     static H:\Desktop\Microprocessor\MicroProject\Run.asm
       box_test_add_score   0x000516    program     static H:\Desktop\Microprocessor\MicroProject\Main.asm
            box_test_good   0x000530    program     static H:\Desktop\Microprocessor\MicroProject\Main.asm
           box_test_great   0x000534    program     static H:\Desktop\Microprocessor\MicroProject\Main.asm
            box_test_loop   0x0004c6    program     static H:\Desktop\Microprocessor\MicroProject\Main.asm
        box_test_next_box   0x000524    program     static H:\Desktop\Microprocessor\MicroProject\Main.asm
         box_test_perfect   0x000538    program     static H:\Desktop\Microprocessor\MicroProject\Main.asm
                      cly   0x000046    program     static H:\Desktop\Microprocessor\MicroProject\LCD.asm
                converter   0x00042c    program     static H:\Desktop\Microprocessor\MicroProject\Main.asm
        decrement_dy_loop   0x000540    program     static H:\Desktop\Microprocessor\MicroProject\Main.asm
    decrement_dy_negative   0x000562    program     static H:\Desktop\Microprocessor\MicroProject\Main.asm
    decrement_dy_next_box   0x000556    program     static H:\Desktop\Microprocessor\MicroProject\Main.asm
                    delay   0x000592    program     static H:\Desktop\Microprocessor\MicroProject\Main.asm
               delay_loop   0x000594    program     static H:\Desktop\Microprocessor\MicroProject\Main.asm
                      ly1   0x00004c    program     static H:\Desktop\Microprocessor\MicroProject\LCD.asm
             new_box_loop   0x000442    program     static H:\Desktop\Microprocessor\MicroProject\Main.asm
         new_box_next_box   0x0004b2    program     static H:\Desktop\Microprocessor\MicroProject\Main.asm
       new_box_set_colour   0x00046e    program     static H:\Desktop\Microprocessor\MicroProject\Main.asm
          new_box_set_red   0x0004be    program     static H:\Desktop\Microprocessor\MicroProject\Main.asm
                     scrl   0x000024    program     static H:\Desktop\Microprocessor\MicroProject\LCD.asm
                    scrl1   0x0000a6    program     static H:\Desktop\Microprocessor\MicroProject\LCD.asm
                    scrl2   0x0000ae    program     static H:\Desktop\Microprocessor\MicroProject\LCD.asm
                    Boxes   0x000010       data     static H:\Desktop\Microprocessor\MicroProject\Main.asm
                  Control   0x000006       data     static H:\Desktop\Microprocessor\MicroProject\LCD.asm
             Delay_ms_cnt   0x000034       data     static H:\Desktop\Microprocessor\MicroProject\Main.asm
         Delay_x4us_cnt_h   0x000035       data     static H:\Desktop\Microprocessor\MicroProject\Main.asm
         Delay_x4us_cnt_l   0x000036       data     static H:\Desktop\Microprocessor\MicroProject\Main.asm
            Keypad_output   0x000001       data     extern H:\Desktop\Microprocessor\MicroProject\Keypad.asm
               Scroll_d_h   0x000005       data     extern H:\Desktop\Microprocessor\MicroProject\LCD.asm
               Scroll_d_l   0x000004       data     extern H:\Desktop\Microprocessor\MicroProject\LCD.asm
            Total_score_1   0x000031       data     static H:\Desktop\Microprocessor\MicroProject\Main.asm
            Total_score_2   0x000032       data     static H:\Desktop\Microprocessor\MicroProject\Main.asm
            Total_score_3   0x000033       data     static H:\Desktop\Microprocessor\MicroProject\Main.asm
              current_Box   0x000030       data     static H:\Desktop\Microprocessor\MicroProject\Main.asm
                input_cmd   0x000002       data     static H:\Desktop\Microprocessor\MicroProject\LCD.asm
               input_data   0x000003       data     static H:\Desktop\Microprocessor\MicroProject\LCD.asm
                      key   0x000000       data     static H:\Desktop\Microprocessor\MicroProject\Keypad.asm
              rect_colour   0x00000f       data     extern H:\Desktop\Microprocessor\MicroProject\LCD.asm
                rect_x1_h   0x000007       data     extern H:\Desktop\Microprocessor\MicroProject\LCD.asm
                rect_x1_l   0x00000b       data     extern H:\Desktop\Microprocessor\MicroProject\LCD.asm
                rect_x2_h   0x000009       data     extern H:\Desktop\Microprocessor\MicroProject\LCD.asm
                rect_x2_l   0x00000d       data     extern H:\Desktop\Microprocessor\MicroProject\LCD.asm
                rect_y1_h   0x000008       data     extern H:\Desktop\Microprocessor\MicroProject\LCD.asm
                rect_y1_l   0x00000c       data     extern H:\Desktop\Microprocessor\MicroProject\LCD.asm
                rect_y2_h   0x00000a       data     extern H:\Desktop\Microprocessor\MicroProject\LCD.asm
                rect_y2_l   0x00000e       data     extern H:\Desktop\Microprocessor\MicroProject\LCD.asm
                     tmp1   0x000037       data     static H:\Desktop\Microprocessor\MicroProject\Main.asm



                              Symbols - Sorted by Address
                     Name    Address   Location    Storage File                     
                ---------  ---------  ---------  --------- ---------                
                    Setup   0x000000    program     static H:\Desktop\Microprocessor\MicroProject\Run.asm
                     Main   0x000010    program     static H:\Desktop\Microprocessor\MicroProject\Run.asm
                _Run_0014   0x000014    program     static H:\Desktop\Microprocessor\MicroProject\Run.asm
                   Scroll   0x00001a    program     extern H:\Desktop\Microprocessor\MicroProject\LCD.asm
                     scrl   0x000024    program     static H:\Desktop\Microprocessor\MicroProject\LCD.asm
                      cly   0x000046    program     static H:\Desktop\Microprocessor\MicroProject\LCD.asm
                      ly1   0x00004c    program     static H:\Desktop\Microprocessor\MicroProject\LCD.asm
              Clear_Layer   0x000052    program     static H:\Desktop\Microprocessor\MicroProject\LCD.asm
              LCD_ScrollY   0x000080    program     static H:\Desktop\Microprocessor\MicroProject\LCD.asm
                    scrl1   0x0000a6    program     static H:\Desktop\Microprocessor\MicroProject\LCD.asm
                    scrl2   0x0000ae    program     static H:\Desktop\Microprocessor\MicroProject\LCD.asm
           LCD_RectHelper   0x0000b6    program     extern H:\Desktop\Microprocessor\MicroProject\LCD.asm
       LCD_Initialisation   0x00018e    program     extern H:\Desktop\Microprocessor\MicroProject\LCD.asm
              LCD_PLLinit   0x0002f2    program     static H:\Desktop\Microprocessor\MicroProject\LCD.asm
            LCD_DisplayOn   0x00031a    program     static H:\Desktop\Microprocessor\MicroProject\LCD.asm
                LCD_GPIOX   0x000328    program     static H:\Desktop\Microprocessor\MicroProject\LCD.asm
           LCD_PWM1config   0x000336    program     static H:\Desktop\Microprocessor\MicroProject\LCD.asm
              LCD_PWM1out   0x000344    program     static H:\Desktop\Microprocessor\MicroProject\LCD.asm
      LCD_SetScrollWindow   0x000352    program     static H:\Desktop\Microprocessor\MicroProject\LCD.asm
            LCD_TwoLayers   0x0003b8    program     static H:\Desktop\Microprocessor\MicroProject\LCD.asm
                    LYEN1   0x0003d2    program     static H:\Desktop\Microprocessor\MicroProject\LCD.asm
                    LYEN2   0x0003de    program     static H:\Desktop\Microprocessor\MicroProject\LCD.asm
             SPI_writeREG   0x0003ec    program     static H:\Desktop\Microprocessor\MicroProject\LCD.asm
             SPI_writeCMD   0x0003f6    program     static H:\Desktop\Microprocessor\MicroProject\LCD.asm
            SPI_writeDATA   0x000408    program     static H:\Desktop\Microprocessor\MicroProject\LCD.asm
           SPI_MasterInit   0x00041a    program     static H:\Desktop\Microprocessor\MicroProject\LCD.asm
       SPI_MasterTransmit   0x000422    program     static H:\Desktop\Microprocessor\MicroProject\LCD.asm
            Wait_Transmit   0x000424    program     static H:\Desktop\Microprocessor\MicroProject\LCD.asm
                converter   0x00042c    program     static H:\Desktop\Microprocessor\MicroProject\Main.asm
                  New_box   0x00043c    program     extern H:\Desktop\Microprocessor\MicroProject\Main.asm
             new_box_loop   0x000442    program     static H:\Desktop\Microprocessor\MicroProject\Main.asm
       new_box_set_colour   0x00046e    program     static H:\Desktop\Microprocessor\MicroProject\Main.asm
         new_box_next_box   0x0004b2    program     static H:\Desktop\Microprocessor\MicroProject\Main.asm
          new_box_set_red   0x0004be    program     static H:\Desktop\Microprocessor\MicroProject\Main.asm
                 Box_test   0x0004c2    program     extern H:\Desktop\Microprocessor\MicroProject\Main.asm
            box_test_loop   0x0004c6    program     static H:\Desktop\Microprocessor\MicroProject\Main.asm
       box_test_add_score   0x000516    program     static H:\Desktop\Microprocessor\MicroProject\Main.asm
        box_test_next_box   0x000524    program     static H:\Desktop\Microprocessor\MicroProject\Main.asm
            box_test_good   0x000530    program     static H:\Desktop\Microprocessor\MicroProject\Main.asm
           box_test_great   0x000534    program     static H:\Desktop\Microprocessor\MicroProject\Main.asm
         box_test_perfect   0x000538    program     static H:\Desktop\Microprocessor\MicroProject\Main.asm
             Decrement_dy   0x00053c    program     extern H:\Desktop\Microprocessor\MicroProject\Main.asm
        decrement_dy_loop   0x000540    program     static H:\Desktop\Microprocessor\MicroProject\Main.asm
    decrement_dy_next_box   0x000556    program     static H:\Desktop\Microprocessor\MicroProject\Main.asm
    decrement_dy_negative   0x000562    program     static H:\Desktop\Microprocessor\MicroProject\Main.asm
               Remove_box   0x000568    program     static H:\Desktop\Microprocessor\MicroProject\Main.asm
                 Delay_ms   0x000570    program     extern H:\Desktop\Microprocessor\MicroProject\Main.asm
            Delay_ms_loop   0x000572    program     static H:\Desktop\Microprocessor\MicroProject\Main.asm
               Delay_x4us   0x00057e    program     static H:\Desktop\Microprocessor\MicroProject\Main.asm
                    delay   0x000592    program     static H:\Desktop\Microprocessor\MicroProject\Main.asm
               delay_loop   0x000594    program     static H:\Desktop\Microprocessor\MicroProject\Main.asm
            Play_Avengers   0x00059c    program     extern H:\Desktop\Microprocessor\MicroProject\GameData.asm
             Keypad_Setup   0x000672    program     extern H:\Desktop\Microprocessor\MicroProject\Keypad.asm
            Keypad_getKey   0x000678    program     extern H:\Desktop\Microprocessor\MicroProject\Keypad.asm
           Music_Avengers   0x0006c4    program     extern H:\Desktop\Microprocessor\MicroProject\Music.asm
              Music_Setup   0x0006de    program     extern H:\Desktop\Microprocessor\MicroProject\Music.asm
       UART_Transmit_Byte   0x0006f0    program     static H:\Desktop\Microprocessor\MicroProject\Music.asm
                      key   0x000000       data     static H:\Desktop\Microprocessor\MicroProject\Keypad.asm
            Keypad_output   0x000001       data     extern H:\Desktop\Microprocessor\MicroProject\Keypad.asm
                input_cmd   0x000002       data     static H:\Desktop\Microprocessor\MicroProject\LCD.asm
               input_data   0x000003       data     static H:\Desktop\Microprocessor\MicroProject\LCD.asm
               Scroll_d_l   0x000004       data     extern H:\Desktop\Microprocessor\MicroProject\LCD.asm
               Scroll_d_h   0x000005       data     extern H:\Desktop\Microprocessor\MicroProject\LCD.asm
                  Control   0x000006       data     static H:\Desktop\Microprocessor\MicroProject\LCD.asm
                rect_x1_h   0x000007       data     extern H:\Desktop\Microprocessor\MicroProject\LCD.asm
                rect_y1_h   0x000008       data     extern H:\Desktop\Microprocessor\MicroProject\LCD.asm
                rect_x2_h   0x000009       data     extern H:\Desktop\Microprocessor\MicroProject\LCD.asm
                rect_y2_h   0x00000a       data     extern H:\Desktop\Microprocessor\MicroProject\LCD.asm
                rect_x1_l   0x00000b       data     extern H:\Desktop\Microprocessor\MicroProject\LCD.asm
                rect_y1_l   0x00000c       data     extern H:\Desktop\Microprocessor\MicroProject\LCD.asm
                rect_x2_l   0x00000d       data     extern H:\Desktop\Microprocessor\MicroProject\LCD.asm
                rect_y2_l   0x00000e       data     extern H:\Desktop\Microprocessor\MicroProject\LCD.asm
              rect_colour   0x00000f       data     extern H:\Desktop\Microprocessor\MicroProject\LCD.asm
                    Boxes   0x000010       data     static H:\Desktop\Microprocessor\MicroProject\Main.asm
              current_Box   0x000030       data     static H:\Desktop\Microprocessor\MicroProject\Main.asm
            Total_score_1   0x000031       data     static H:\Desktop\Microprocessor\MicroProject\Main.asm
            Total_score_2   0x000032       data     static H:\Desktop\Microprocessor\MicroProject\Main.asm
            Total_score_3   0x000033       data     static H:\Desktop\Microprocessor\MicroProject\Main.asm
             Delay_ms_cnt   0x000034       data     static H:\Desktop\Microprocessor\MicroProject\Main.asm
         Delay_x4us_cnt_h   0x000035       data     static H:\Desktop\Microprocessor\MicroProject\Main.asm
         Delay_x4us_cnt_l   0x000036       data     static H:\Desktop\Microprocessor\MicroProject\Main.asm
                     tmp1   0x000037       data     static H:\Desktop\Microprocessor\MicroProject\Main.asm


